C51 COMPILER V9.60.0.0   TP4_MAIN                                                          03/22/2021 19:19:35 PAGE 1   


C51 COMPILER V9.60.0.0, COMPILATION OF MODULE TP4_MAIN
OBJECT MODULE PLACED IN .\src/tp4_main.OBJ
COMPILER INVOKED BY: Z:\home\twoninefour\hdd\SimplicityStudio_v5\developer\toolchains\keil_8051\9.60\BIN\C51.exe /home/t
                    -woninefour/hdd/seniorDesign/tp4/src/tp4_main.c OMF2 SMALL DEBUG OBJECTEXTEND ROM(LARGE) WARNINGLEVEL(2) FLOATFUZZY(3) OP
                    -TIMIZE(0,SPEED) DEFINE(DEBUG=1) INTVECTOR(0X0000) INTPROMOTE INCDIR(/home/twoninefour/hdd/SimplicityStudio_v5/developer/
                    -sdks/8051/v4.2.0//Device/shared/si8051Base;/home/twoninefour/hdd/SimplicityStudio_v5/developer/sdks/8051/v4.2.0//Device/
                    -EFM8BB3/inc) PRINT(.\src/tp4_main.lst) COND PAGEWIDTH(120) PAGELENGTH(65) OBJECT(.\src/tp4_main.OBJ)

line level    source

   1          //-----------------------------------------------------------------------------
   2          // Includes
   3          //-----------------------------------------------------------------------------
   4          #include <SI_EFM8BB3_Register_Enums.h>                // SFR declarations
   5          #include "../inc/InitDevice.h"
   6          
   7          //-----------------------------------------------------------------------------
   8          // SiLabs_Startup() Routine
   9          // ----------------------------------------------------------------------------
  10          // This function is called immediately after reset, before the initialization
  11          // code is run in SILABS_STARTUP.A51 (which runs before main() ). This is a
  12          // useful place to disable the watchdog timer, which is enable by default
  13          // and may trigger before main() in some instances.
  14          //-----------------------------------------------------------------------------
  15          void SiLabs_Startup (void)
  16          {
  17   1      
  18   1      }
  19          
  20          int main (void)
  21          {
  22   1        int i,j,k;
  23   1        enter_DefaultMode_from_RESET();
  24   1        P0 = 0xFF; //set all pins to high so inputs can operate
  25   1        P1 = 0xFF;
  26   1        P2 = 0xFF;
  27   1        while (1) {
  28   2            for (i = 0; i < 3; i++)
  29   2              {
  30   3                NOP ();
  31   3      
  32   3            for (j = 0; j < 255; j++)
  33   3              {
  34   4                NOP ();
  35   4      
  36   4            for (k = 0; k < 255; k++)
  37   4              {
  38   5                NOP ();
  39   5              }}}
  40   2            P2 ^= 0x08;
  41   2            P1 ^= 0x14; //toggle LED pin
  42   2            P0 ^= 0xF2;
  43   2      
  44   2        }                             // Spin forever
  45   1      }


MODULE INFORMATION:   STATIC OVERLAYABLE
   CODE SIZE        =    115    ----
   CONSTANT SIZE    =   ----    ----
   XDATA SIZE       =   ----    ----
   PDATA SIZE       =   ----    ----
C51 COMPILER V9.60.0.0   TP4_MAIN                                                          03/22/2021 19:19:35 PAGE 2   

   DATA SIZE        =      6    ----
   IDATA SIZE       =   ----    ----
   BIT SIZE         =   ----    ----
   EDATA SIZE       =   ----    ----
   HDATA SIZE       =   ----    ----
   XDATA CONST SIZE =   ----    ----
   FAR CONST SIZE   =   ----    ----
END OF MODULE INFORMATION.


C51 COMPILATION COMPLETE.  0 WARNING(S),  0 ERROR(S)
